// Jest Snapshot v1, https://goo.gl/fbAQLP

exports[`renders Commit feed table 1`] = `
Object {
  "asFragment": [Function],
  "baseElement": <body>
    <div>
      <table
        class="commits-table"
      >
        <thead>
          <tr>
            <th>
              Timestamp
            </th>
            <th>
              Commit
            </th>
            <th>
              Author
            </th>
          </tr>
        </thead>
        <tbody>
          <tr>
            <td
              class="date"
            >
              05-07-2021
            </td>
            <td
              class="message"
            >
              <a
                class="commit-link"
                href="test_url"
                rel="noreferrer"
                target="_blank"
              >
                test
              </a>
            </td>
            <td
              class="author"
            >
              name
            </td>
          </tr>
        </tbody>
      </table>
    </div>
  </body>,
  "container": <div>
    <table
      class="commits-table"
    >
      <thead>
        <tr>
          <th>
            Timestamp
          </th>
          <th>
            Commit
          </th>
          <th>
            Author
          </th>
        </tr>
      </thead>
      <tbody>
        <tr>
          <td
            class="date"
          >
            05-07-2021
          </td>
          <td
            class="message"
          >
            <a
              class="commit-link"
              href="test_url"
              rel="noreferrer"
              target="_blank"
            >
              test
            </a>
          </td>
          <td
            class="author"
          >
            name
          </td>
        </tr>
      </tbody>
    </table>
  </div>,
  "debug": [Function],
  "findAllByAltText": [Function],
  "findAllByDisplayValue": [Function],
  "findAllByLabelText": [Function],
  "findAllByPlaceholderText": [Function],
  "findAllByRole": [Function],
  "findAllByTestId": [Function],
  "findAllByText": [Function],
  "findAllByTitle": [Function],
  "findByAltText": [Function],
  "findByDisplayValue": [Function],
  "findByLabelText": [Function],
  "findByPlaceholderText": [Function],
  "findByRole": [Function],
  "findByTestId": [Function],
  "findByText": [Function],
  "findByTitle": [Function],
  "getAllByAltText": [Function],
  "getAllByDisplayValue": [Function],
  "getAllByLabelText": [Function],
  "getAllByPlaceholderText": [Function],
  "getAllByRole": [Function],
  "getAllByTestId": [Function],
  "getAllByText": [Function],
  "getAllByTitle": [Function],
  "getByAltText": [Function],
  "getByDisplayValue": [Function],
  "getByLabelText": [Function],
  "getByPlaceholderText": [Function],
  "getByRole": [Function],
  "getByTestId": [Function],
  "getByText": [Function],
  "getByTitle": [Function],
  "queryAllByAltText": [Function],
  "queryAllByDisplayValue": [Function],
  "queryAllByLabelText": [Function],
  "queryAllByPlaceholderText": [Function],
  "queryAllByRole": [Function],
  "queryAllByTestId": [Function],
  "queryAllByText": [Function],
  "queryAllByTitle": [Function],
  "queryByAltText": [Function],
  "queryByDisplayValue": [Function],
  "queryByLabelText": [Function],
  "queryByPlaceholderText": [Function],
  "queryByRole": [Function],
  "queryByTestId": [Function],
  "queryByText": [Function],
  "queryByTitle": [Function],
  "rerender": [Function],
  "unmount": [Function],
}
`;
